// Vitest Snapshot v1, https://vitest.dev/guide/snapshot.html

exports[`getMonthRows 1`] = `
[
  {},
  {
    "0": [
      EventImpl {
        "duration": 3000,
        "end": 2023-08-03T06:30:00.000Z,
        "id": 16123,
        "name": "some name",
        "sourceEvent": {
          "end": 2023-08-03T06:30:00.000Z,
          "id": 16123,
          "name": "some name",
          "start": 2023-08-01T04:30:00.000Z,
        },
        "start": 2023-08-01T04:30:00.000Z,
      },
      EventImpl {
        "duration": 4440,
        "end": 2023-08-07T06:30:00.000Z,
        "id": 18123,
        "name": "some name",
        "sourceEvent": {
          "end": 2023-08-07T06:30:00.000Z,
          "id": 18123,
          "name": "some name",
          "start": 2023-08-04T04:30:00.000Z,
        },
        "start": 2023-08-04T04:30:00.000Z,
      },
    ],
    "1": [
      EventImpl {
        "duration": 1560,
        "end": 2023-08-02T06:30:00.000Z,
        "id": 17123,
        "name": "some name",
        "sourceEvent": {
          "end": 2023-08-02T06:30:00.000Z,
          "id": 17123,
          "name": "some name",
          "start": 2023-08-01T04:30:00.000Z,
        },
        "start": 2023-08-01T04:30:00.000Z,
      },
      EventImpl {
        "duration": 3000,
        "end": 2023-08-05T06:30:00.000Z,
        "id": 19123,
        "name": "some name",
        "sourceEvent": {
          "end": 2023-08-05T06:30:00.000Z,
          "id": 19123,
          "name": "some name",
          "start": 2023-08-03T04:30:00.000Z,
        },
        "start": 2023-08-03T04:30:00.000Z,
      },
    ],
    "2": [
      EventImpl {
        "duration": 27480,
        "end": 2023-08-20T06:30:00.000Z,
        "id": 30,
        "name": "some name",
        "sourceEvent": {
          "end": 2023-08-20T06:30:00.000Z,
          "id": 30,
          "name": "some name",
          "start": 2023-08-01T04:30:00.000Z,
        },
        "start": 2023-08-01T04:30:00.000Z,
      },
    ],
    "3": [
      EventImpl {
        "duration": 4440,
        "end": 2023-08-04T06:30:00.000Z,
        "id": 33,
        "name": "some name",
        "sourceEvent": {
          "end": 2023-08-04T06:30:00.000Z,
          "id": 33,
          "name": "some name",
          "start": 2023-08-01T04:30:00.000Z,
        },
        "start": 2023-08-01T04:30:00.000Z,
      },
      EventImpl {
        "duration": 36120,
        "end": 2023-08-30T06:30:00.000Z,
        "id": 114,
        "name": "some name",
        "sourceEvent": {
          "end": 2023-08-30T06:30:00.000Z,
          "id": 114,
          "name": "some name",
          "start": 2023-08-05T04:30:00.000Z,
        },
        "start": 2023-08-05T04:30:00.000Z,
      },
    ],
    "4": [
      EventImpl {
        "duration": 4440,
        "end": 2023-08-08T06:30:00.000Z,
        "id": 31,
        "name": "some name",
        "sourceEvent": {
          "end": 2023-08-08T06:30:00.000Z,
          "id": 31,
          "name": "some name",
          "start": 2023-08-05T04:30:00.000Z,
        },
        "start": 2023-08-05T04:30:00.000Z,
      },
    ],
  },
  {
    "0": [
      EventImpl {
        "duration": 27480,
        "end": 2023-08-20T06:30:00.000Z,
        "id": 30,
        "name": "some name",
        "sourceEvent": {
          "end": 2023-08-20T06:30:00.000Z,
          "id": 30,
          "name": "some name",
          "start": 2023-08-01T04:30:00.000Z,
        },
        "start": 2023-08-01T04:30:00.000Z,
      },
    ],
    "1": [
      EventImpl {
        "duration": 4440,
        "end": 2023-08-07T06:30:00.000Z,
        "id": 18123,
        "name": "some name",
        "sourceEvent": {
          "end": 2023-08-07T06:30:00.000Z,
          "id": 18123,
          "name": "some name",
          "start": 2023-08-04T04:30:00.000Z,
        },
        "start": 2023-08-04T04:30:00.000Z,
      },
      EventImpl {
        "duration": 60,
        "end": 2023-08-08T00:30:00.000Z,
        "id": 24,
        "name": "some name",
        "sourceEvent": {
          "end": 2023-08-08T00:30:00.000Z,
          "id": 24,
          "name": "some name",
          "start": 2023-08-07T23:30:00.000Z,
        },
        "start": 2023-08-07T23:30:00.000Z,
      },
      EventImpl {
        "duration": 240,
        "end": 2023-08-09T13:30:00.000Z,
        "id": 21,
        "name": "some name",
        "sourceEvent": {
          "end": 2023-08-09T13:30:00.000Z,
          "id": 21,
          "name": "some name",
          "start": 2023-08-09T09:30:00.000Z,
        },
        "start": 2023-08-09T09:30:00.000Z,
      },
      EventImpl {
        "duration": 1440,
        "end": 2023-08-10T20:29:59.000Z,
        "id": 18,
        "name": "some name",
        "sourceEvent": {
          "end": 2023-08-10T20:29:59.000Z,
          "id": 18,
          "name": "some name",
          "start": 2023-08-09T20:30:00.000Z,
        },
        "start": 2023-08-09T20:30:00.000Z,
      },
      EventImpl {
        "duration": 1440,
        "end": 2023-08-11T20:29:59.000Z,
        "id": 117,
        "name": "some name",
        "sourceEvent": {
          "end": 2023-08-11T20:29:59.000Z,
          "id": 117,
          "name": "some name",
          "start": 2023-08-10T20:30:00.000Z,
        },
        "start": 2023-08-10T20:30:00.000Z,
      },
    ],
    "10": [
      EventImpl {
        "duration": 90,
        "end": 2023-08-08T11:30:00.000Z,
        "id": 25,
        "name": "some name",
        "sourceEvent": {
          "end": 2023-08-08T11:30:00.000Z,
          "id": 25,
          "name": "some name",
          "start": 2023-08-08T10:00:00.000Z,
        },
        "start": 2023-08-08T10:00:00.000Z,
      },
      EventImpl {
        "duration": 120,
        "end": 2023-08-10T14:30:00.000Z,
        "id": 11,
        "name": "some name",
        "sourceEvent": {
          "end": 2023-08-10T14:30:00.000Z,
          "id": 11,
          "name": "some name",
          "start": 2023-08-10T12:30:00.000Z,
        },
        "start": 2023-08-10T12:30:00.000Z,
      },
    ],
    "11": [
      EventImpl {
        "duration": 350,
        "end": 2023-08-10T18:35:00.000Z,
        "id": 12,
        "name": "some name",
        "sourceEvent": {
          "end": 2023-08-10T18:35:00.000Z,
          "id": 12,
          "name": "some name",
          "start": 2023-08-10T12:45:00.000Z,
        },
        "start": 2023-08-10T12:45:00.000Z,
      },
    ],
    "12": [
      EventImpl {
        "duration": 140,
        "end": 2023-08-10T16:00:00.000Z,
        "id": 14,
        "name": "some name",
        "sourceEvent": {
          "end": 2023-08-10T16:00:00.000Z,
          "id": 14,
          "name": "some name",
          "start": 2023-08-10T13:40:00.000Z,
        },
        "start": 2023-08-10T13:40:00.000Z,
      },
    ],
    "13": [
      EventImpl {
        "duration": 165,
        "end": 2023-08-10T16:30:00.000Z,
        "id": 15,
        "name": "some name",
        "sourceEvent": {
          "end": 2023-08-10T16:30:00.000Z,
          "id": 15,
          "name": "some name",
          "start": 2023-08-10T13:45:00.000Z,
        },
        "start": 2023-08-10T13:45:00.000Z,
      },
    ],
    "14": [
      EventImpl {
        "duration": 275,
        "end": 2023-08-10T18:35:00.000Z,
        "id": 13,
        "name": "some name",
        "sourceEvent": {
          "end": 2023-08-10T18:35:00.000Z,
          "id": 13,
          "name": "some name",
          "start": 2023-08-10T14:00:00.000Z,
        },
        "start": 2023-08-10T14:00:00.000Z,
      },
    ],
    "15": [
      EventImpl {
        "duration": 185,
        "end": 2023-08-10T18:35:00.000Z,
        "id": 16,
        "name": "some name",
        "sourceEvent": {
          "end": 2023-08-10T18:35:00.000Z,
          "id": 16,
          "name": "some name",
          "start": 2023-08-10T15:30:00.000Z,
        },
        "start": 2023-08-10T15:30:00.000Z,
      },
    ],
    "16": [
      EventImpl {
        "duration": 185,
        "end": 2023-08-10T19:35:00.000Z,
        "id": 170,
        "name": "some name",
        "sourceEvent": {
          "end": 2023-08-10T19:35:00.000Z,
          "id": 170,
          "name": "some name",
          "start": 2023-08-10T16:30:00.000Z,
        },
        "start": 2023-08-10T16:30:00.000Z,
      },
    ],
    "2": [
      EventImpl {
        "duration": 36120,
        "end": 2023-08-30T06:30:00.000Z,
        "id": 114,
        "name": "some name",
        "sourceEvent": {
          "end": 2023-08-30T06:30:00.000Z,
          "id": 114,
          "name": "some name",
          "start": 2023-08-05T04:30:00.000Z,
        },
        "start": 2023-08-05T04:30:00.000Z,
      },
    ],
    "3": [
      EventImpl {
        "duration": 4440,
        "end": 2023-08-08T06:30:00.000Z,
        "id": 31,
        "name": "some name",
        "sourceEvent": {
          "end": 2023-08-08T06:30:00.000Z,
          "id": 31,
          "name": "some name",
          "start": 2023-08-05T04:30:00.000Z,
        },
        "start": 2023-08-05T04:30:00.000Z,
      },
      EventImpl {
        "duration": 90,
        "end": 2023-08-09T11:30:00.000Z,
        "id": 22,
        "name": "some name",
        "sourceEvent": {
          "end": 2023-08-09T11:30:00.000Z,
          "id": 22,
          "name": "some name",
          "start": 2023-08-09T10:00:00.000Z,
        },
        "start": 2023-08-09T10:00:00.000Z,
      },
      EventImpl {
        "duration": 2400,
        "end": 2023-08-11T12:29:59.000Z,
        "id": 19,
        "name": "some name",
        "sourceEvent": {
          "end": 2023-08-11T12:29:59.000Z,
          "id": 19,
          "name": "some name",
          "start": 2023-08-09T20:30:00.000Z,
        },
        "start": 2023-08-09T20:30:00.000Z,
      },
    ],
    "4": [
      EventImpl {
        "duration": 4440,
        "end": 2023-08-09T06:30:00.000Z,
        "id": 110,
        "name": "some name",
        "sourceEvent": {
          "end": 2023-08-09T06:30:00.000Z,
          "id": 110,
          "name": "some name",
          "start": 2023-08-06T04:30:00.000Z,
        },
        "start": 2023-08-06T04:30:00.000Z,
      },
      EventImpl {
        "duration": 125,
        "end": 2023-08-10T10:35:00.000Z,
        "id": 6,
        "name": "some name",
        "sourceEvent": {
          "end": 2023-08-10T10:35:00.000Z,
          "id": 6,
          "name": "some name",
          "start": 2023-08-10T08:30:00.000Z,
        },
        "start": 2023-08-10T08:30:00.000Z,
      },
    ],
    "5": [
      EventImpl {
        "duration": 1560,
        "end": 2023-08-07T06:30:00.000Z,
        "id": 111,
        "name": "some name",
        "sourceEvent": {
          "end": 2023-08-07T06:30:00.000Z,
          "id": 111,
          "name": "some name",
          "start": 2023-08-06T04:30:00.000Z,
        },
        "start": 2023-08-06T04:30:00.000Z,
      },
      EventImpl {
        "duration": 180,
        "end": 2023-08-08T04:29:59.000Z,
        "id": 186,
        "name": "some name",
        "sourceEvent": {
          "end": 2023-08-08T04:29:59.000Z,
          "id": 186,
          "name": "some name",
          "start": 2023-08-08T01:30:00.000Z,
        },
        "start": 2023-08-08T01:30:00.000Z,
      },
      EventImpl {
        "duration": 120,
        "end": 2023-08-09T13:30:00.000Z,
        "id": 20,
        "name": "some name",
        "sourceEvent": {
          "end": 2023-08-09T13:30:00.000Z,
          "id": 20,
          "name": "some name",
          "start": 2023-08-09T11:30:00.000Z,
        },
        "start": 2023-08-09T11:30:00.000Z,
      },
      EventImpl {
        "duration": 240,
        "end": 2023-08-10T13:30:00.000Z,
        "id": 8,
        "name": "some name",
        "sourceEvent": {
          "end": 2023-08-10T13:30:00.000Z,
          "id": 8,
          "name": "some name",
          "start": 2023-08-10T09:30:00.000Z,
        },
        "start": 2023-08-10T09:30:00.000Z,
      },
    ],
    "6": [
      EventImpl {
        "duration": 1560,
        "end": 2023-08-09T06:30:00.000Z,
        "id": 112,
        "name": "some name",
        "sourceEvent": {
          "end": 2023-08-09T06:30:00.000Z,
          "id": 112,
          "name": "some name",
          "start": 2023-08-08T04:30:00.000Z,
        },
        "start": 2023-08-08T04:30:00.000Z,
      },
      EventImpl {
        "duration": 90,
        "end": 2023-08-10T11:30:00.000Z,
        "id": 9,
        "name": "some name",
        "sourceEvent": {
          "end": 2023-08-10T11:30:00.000Z,
          "id": 9,
          "name": "some name",
          "start": 2023-08-10T10:00:00.000Z,
        },
        "start": 2023-08-10T10:00:00.000Z,
      },
    ],
    "7": [
      EventImpl {
        "duration": 1560,
        "end": 2023-08-09T06:30:00.000Z,
        "id": 113,
        "name": "some name",
        "sourceEvent": {
          "end": 2023-08-09T06:30:00.000Z,
          "id": 113,
          "name": "some name",
          "start": 2023-08-08T04:30:00.000Z,
        },
        "start": 2023-08-08T04:30:00.000Z,
      },
      EventImpl {
        "duration": 150,
        "end": 2023-08-10T13:00:00.000Z,
        "id": 10,
        "name": "some name",
        "sourceEvent": {
          "end": 2023-08-10T13:00:00.000Z,
          "id": 10,
          "name": "some name",
          "start": 2023-08-10T10:30:00.000Z,
        },
        "start": 2023-08-10T10:30:00.000Z,
      },
    ],
    "8": [
      EventImpl {
        "duration": 7320,
        "end": 2023-08-13T06:30:00.000Z,
        "id": 32,
        "name": "some name",
        "sourceEvent": {
          "end": 2023-08-13T06:30:00.000Z,
          "id": 32,
          "name": "some name",
          "start": 2023-08-08T04:30:00.000Z,
        },
        "start": 2023-08-08T04:30:00.000Z,
      },
    ],
    "9": [
      EventImpl {
        "duration": 120,
        "end": 2023-08-08T06:30:00.000Z,
        "id": 23,
        "name": "some name",
        "sourceEvent": {
          "end": 2023-08-08T06:30:00.000Z,
          "id": 23,
          "name": "some name",
          "start": 2023-08-08T04:30:00.000Z,
        },
        "start": 2023-08-08T04:30:00.000Z,
      },
      EventImpl {
        "duration": 120,
        "end": 2023-08-10T13:30:00.000Z,
        "id": 7,
        "name": "some name",
        "sourceEvent": {
          "end": 2023-08-10T13:30:00.000Z,
          "id": 7,
          "name": "some name",
          "start": 2023-08-10T11:30:00.000Z,
        },
        "start": 2023-08-10T11:30:00.000Z,
      },
    ],
  },
  {
    "0": [
      EventImpl {
        "duration": 27480,
        "end": 2023-08-20T06:30:00.000Z,
        "id": 30,
        "name": "some name",
        "sourceEvent": {
          "end": 2023-08-20T06:30:00.000Z,
          "id": 30,
          "name": "some name",
          "start": 2023-08-01T04:30:00.000Z,
        },
        "start": 2023-08-01T04:30:00.000Z,
      },
    ],
    "1": [
      EventImpl {
        "duration": 36120,
        "end": 2023-08-30T06:30:00.000Z,
        "id": 114,
        "name": "some name",
        "sourceEvent": {
          "end": 2023-08-30T06:30:00.000Z,
          "id": 114,
          "name": "some name",
          "start": 2023-08-05T04:30:00.000Z,
        },
        "start": 2023-08-05T04:30:00.000Z,
      },
    ],
    "2": [
      EventImpl {
        "duration": 7320,
        "end": 2023-08-13T06:30:00.000Z,
        "id": 32,
        "name": "some name",
        "sourceEvent": {
          "end": 2023-08-13T06:30:00.000Z,
          "id": 32,
          "name": "some name",
          "start": 2023-08-08T04:30:00.000Z,
        },
        "start": 2023-08-08T04:30:00.000Z,
      },
      EventImpl {
        "duration": 1620,
        "end": 2023-08-20T04:29:59.000Z,
        "id": 189,
        "name": "some name",
        "sourceEvent": {
          "end": 2023-08-20T04:29:59.000Z,
          "id": 189,
          "name": "some name",
          "start": 2023-08-19T01:30:00.000Z,
        },
        "start": 2023-08-19T01:30:00.000Z,
      },
    ],
  },
  {
    "0": [
      EventImpl {
        "duration": 27480,
        "end": 2023-08-20T06:30:00.000Z,
        "id": 30,
        "name": "some name",
        "sourceEvent": {
          "end": 2023-08-20T06:30:00.000Z,
          "id": 30,
          "name": "some name",
          "start": 2023-08-01T04:30:00.000Z,
        },
        "start": 2023-08-01T04:30:00.000Z,
      },
    ],
    "1": [
      EventImpl {
        "duration": 36120,
        "end": 2023-08-30T06:30:00.000Z,
        "id": 114,
        "name": "some name",
        "sourceEvent": {
          "end": 2023-08-30T06:30:00.000Z,
          "id": 114,
          "name": "some name",
          "start": 2023-08-05T04:30:00.000Z,
        },
        "start": 2023-08-05T04:30:00.000Z,
      },
    ],
    "2": [
      EventImpl {
        "duration": 1620,
        "end": 2023-08-20T04:29:59.000Z,
        "id": 189,
        "name": "some name",
        "sourceEvent": {
          "end": 2023-08-20T04:29:59.000Z,
          "id": 189,
          "name": "some name",
          "start": 2023-08-19T01:30:00.000Z,
        },
        "start": 2023-08-19T01:30:00.000Z,
      },
    ],
  },
]
`;
